// Jest Snapshot v1, https://goo.gl/fbAQLP

exports[`renders correctly 1`] = `
<div
  className="profile-section"
>
  <div
    className="MuiAvatar-root MuiAvatar-circle"
    style={
      Object {
        "height": "220px",
        "width": "200px",
      }
    }
  >
    <img
      className="MuiAvatar-img"
      src="/default_profile.jpg"
    />
  </div>
  <div
    className="info"
  >
    <p />
    <p>
      Job Title: 
    </p>
    <p>
      PDL: 
    </p>
    <p>
      Company Email: 
    </p>
  </div>
</div>
`;
